$ ./swaps.sh tibero
###############################################################
 Non-Shared Memory Swap Total
###############################################################
72359      tbsvr                                    2388 KB                        (0.02%)                       
72360      /engine/tibero/tibero6/bin/tblistener    176 KB                         (0.00%)                       
72361      tbsvr_MGWP                               7508 KB                        (0.06%)                       
72362      tbsvr_FGWP000                            8676 KB                        (0.07%)                       
72363      tbsvr_FGWP001                            5620 KB                        (0.04%)                       
72364      tbsvr_PEWP000                            7860 KB                        (0.06%)                       
72365      tbsvr_PEWP001                            10028 KB                       (0.08%)                       
72366      tbsvr_PEWP002                            7776 KB                        (0.06%)                       
72367      tbsvr_PEWP003                            5704 KB                        (0.05%)                       
72368      tbsvr_AGNT                               8296 KB                        (0.07%)                       
72369      tbsvr_DBWR                               31676 KB                       (0.25%)                       
72370      tbsvr_RCWP                               12624 KB                       (0.10%)                       
93093      -bash                                    56 KB                          (0.00%)                       
95570      /bin/bash                                0 KB                           (0.00%)                       
--------------------------------------------------------
Swap Total : 108388 KB ( 0.86% )
--------------------------------------------------------
###############################################################
 Shared Memory Swap Total
###############################################################

------ Shared Memory Segments --------
key        shmid      owner      perms      bytes      nattch     status      
0x9541cf82 16         tibero     640        8589934592 12                      

Shared Memory ID: 16 Swap Usage: 2576052 KB ( 20.45% )
--------------------------------------------------------
###############################################################
 Memory
###############################################################
              total        used        free      shared  buff/cache   available
Mem:       16247600      766292    11844388     3382136     3636920    11802540
Swap:      12595192     2735100     9860092
OS Swap Used Percent : 21.91%
